[hpbeautys.com/index.html]
[backblue.gif]
[fade.gif]
[index.html]
[hpbeautys.com/wp-content/plugins/LayerSlider/assets/static/layerslider/css/layersliderb324.css]
[hpbeautys.com/wp-content/themes/kitring/assets/dist/json/manifest.json]
[hpbeautys.com/wp-includes/css/dist/block-library/style.min84fc.css]
[hpbeautys.com/wp-includes/js/mediaelement/mediaelementplayer-legacy.min1f61.css]
[hpbeautys.com/wp-includes/js/mediaelement/wp-mediaelement.min84fc.css]
[hpbeautys.com/wp-content/plugins/woocommerce/packages/woocommerce-blocks/build/wc-blocks-vendors-style13cb.css]
[hpbeautys.com/wp-content/plugins/woocommerce/packages/woocommerce-blocks/build/wc-blocks-style13cb.css]
[hpbeautys.com/wp-content/plugins/booked/assets/js/tooltipster/css/tooltipster9b70.css]
[hpbeautys.com/wp-content/plugins/booked/assets/js/tooltipster/css/themes/tooltipster-light9b70.css]
[hpbeautys.com/wp-content/plugins/booked/assets/css/animationsb2da.css]
[hpbeautys.com/wp-content/plugins/booked/dist/bookedb2da.css]
[hpbeautys.com/wp-content/plugins/chaty/css/chaty-front.mindcf0.css]
[hpbeautys.com/wp-content/plugins/contact-form-7/includes/css/styles4999.css]
[hpbeautys.com/wp-content/plugins/yith-woocommerce-product-add-ons/assets/css/front3265.css]
[hpbeautys.com/wp-content/plugins/yith-woocommerce-product-add-ons/assets/css/_new_jquery-ui-1.12.1be69.css]
[hpbeautys.com/wp-content/plugins/yith-woocommerce-product-add-ons/assets/css/_new_jquery-ui-timepicker-addon3cb7.css]
[hpbeautys.com/wp-includes/css/dashicons.min84fc.css]
[hpbeautys.com/wp-content/themes/kitring/assets/dist/css/app.min84fc.css]
[hpbeautys.com/wp-content/plugins/booked/includes/add-ons/woocommerce-payments/css/frontend-style84fc.css]
[hpbeautys.com/wp-content/plugins/_elementor/assets/lib/eicons/css/elementor-icons.min91ce.css]
[hpbeautys.com/wp-content/plugins/_elementor/assets/css/frontend-lite.min2e46.css]
[hpbeautys.com/wp-content/uploads/elementor/css/post-536b9f9.css]
[hpbeautys.com/wp-content/plugins/elementor-pro/assets/css/frontend-lite.min9e95.css]
[hpbeautys.com/wp-content/uploads/elementor/css/global7f46.css]
[hpbeautys.com/wp-content/plugins/kitring-extender/extensions/modules/shortcodes/assets/css/dahz-shortcodes.min84fc.css]
[hpbeautys.com/wp-content/plugins/jetpack/css/jetpack77dd.css]
[hpbeautys.com/wp-includes/js/jquery/jquery.minf43b.js]
[hpbeautys.com/wp-includes/js/jquery/jquery-migrate.min5589.js]
[hpbeautys.com/wp-content/plugins/LayerSlider/assets/static/layerslider/js/layerslider.utilsb324.js]
[hpbeautys.com/comments/feed/index.html]
[hpbeautys.com/wp-content/plugins/LayerSlider/assets/static/layerslider/js/layerslider.kreaturamedia.jqueryb324.js]
[hpbeautys.com/wp-content/plugins/LayerSlider/assets/static/layerslider/js/layerslider.transitionsb324.js]
[hpbeautys.com/feed/index.html]
[hpbeautys.com/wp-content/themes/kitring/assets/dist/js/plugins/uikit.min.js]
[hpbeautys.com/wp-content/themes/kitring/assets/dist/js/plugins/uikit-icons.min.js]
[hpbeautys.com/wp-content/plugins/booked/includes/add-ons/woocommerce-payments/js/frontend-functions84fc.js]
[hpbeautys.com/wp-content/themes/kitring/assets/dist/js/plugins/pace.min.js]
