[hpbeautys.com/index.html]
[backblue.gif]
[fade.gif]
[index.html]
[hpbeautys.com/wp-content/plugins/LayerSlider/assets/static/layerslider/css/layersliderb324.css]
[hpbeautys.com/wp-content/themes/kitring/assets/dist/json/manifest.json]
[hpbeautys.com/wp-includes/css/dist/block-library/style.min84fc.css]
[hpbeautys.com/wp-includes/js/mediaelement/mediaelementplayer-legacy.min1f61.css]
[hpbeautys.com/wp-includes/js/mediaelement/wp-mediaelement.min84fc.css]
[hpbeautys.com/wp-content/plugins/woocommerce/packages/woocommerce-blocks/build/wc-blocks-vendors-style13cb.css]
[hpbeautys.com/wp-content/plugins/woocommerce/packages/woocommerce-blocks/build/wc-blocks-style13cb.css]
[hpbeautys.com/wp-content/plugins/booked/assets/js/tooltipster/css/tooltipster9b70.css]
[hpbeautys.com/wp-content/plugins/booked/assets/js/tooltipster/css/themes/tooltipster-light9b70.css]
[hpbeautys.com/wp-content/plugins/booked/assets/css/animationsb2da.css]
[hpbeautys.com/wp-content/plugins/booked/dist/bookedb2da.css]
[hpbeautys.com/wp-content/plugins/chaty/css/chaty-front.mindcf0.css]
[hpbeautys.com/wp-content/plugins/contact-form-7/includes/css/styles4999.css]
[hpbeautys.com/wp-content/plugins/yith-woocommerce-product-add-ons/assets/css/front3265.css]
[hpbeautys.com/wp-content/plugins/yith-woocommerce-product-add-ons/assets/css/_new_jquery-ui-1.12.1be69.css]
[hpbeautys.com/wp-content/plugins/yith-woocommerce-product-add-ons/assets/css/_new_jquery-ui-timepicker-addon3cb7.css]
[hpbeautys.com/wp-includes/css/dashicons.min84fc.css]
[hpbeautys.com/wp-content/themes/kitring/assets/dist/css/app.min84fc.css]
[hpbeautys.com/wp-content/plugins/booked/includes/add-ons/woocommerce-payments/css/frontend-style84fc.css]
[hpbeautys.com/wp-content/plugins/_elementor/assets/lib/eicons/css/elementor-icons.min91ce.css]
[hpbeautys.com/wp-content/plugins/_elementor/assets/css/frontend-lite.min2e46.css]
[hpbeautys.com/wp-content/uploads/elementor/css/post-536b9f9.css]
[hpbeautys.com/wp-content/plugins/elementor-pro/assets/css/frontend-lite.min9e95.css]
[hpbeautys.com/wp-content/uploads/elementor/css/global7f46.css]
[hpbeautys.com/wp-content/plugins/kitring-extender/extensions/modules/shortcodes/assets/css/dahz-shortcodes.min84fc.css]
[hpbeautys.com/wp-content/plugins/jetpack/css/jetpack77dd.css]
[hpbeautys.com/wp-includes/js/jquery/jquery.minf43b.js]
[hpbeautys.com/wp-includes/js/jquery/jquery-migrate.min5589.js]
[hpbeautys.com/wp-content/plugins/LayerSlider/assets/static/layerslider/js/layerslider.utilsb324.js]
[hpbeautys.com/comments/feed/index.html]
[hpbeautys.com/wp-content/plugins/LayerSlider/assets/static/layerslider/js/layerslider.kreaturamedia.jqueryb324.js]
[hpbeautys.com/wp-content/plugins/LayerSlider/assets/static/layerslider/js/layerslider.transitionsb324.js]
[hpbeautys.com/feed/index.html]
[hpbeautys.com/wp-content/themes/kitring/assets/dist/js/plugins/uikit.min.js]
[hpbeautys.com/wp-content/themes/kitring/assets/dist/js/plugins/uikit-icons.min.js]
[hpbeautys.com/wp-content/plugins/booked/includes/add-ons/woocommerce-payments/js/frontend-functions84fc.js]
[hpbeautys.com/wp-content/themes/kitring/assets/dist/js/plugins/pace.min.js]
[hpbeautys.com/wp-json/wp/v2/pages/379.json]
[hpbeautys.com/wp-json/index.html]
[hpbeautys.com/xmlrpc0db0.php]
[hpbeautys.com/wp-json/oembed/1.0/embedba6a.json]
[hpbeautys.com/wp-json/oembed/1.0/embed49ab]
[hpbeautys.com/wp-content/uploads/2023/03/Hiral-Patel-41.png]
[hpbeautys.com/wp-content/uploads/2021/12/welcome-BG-3.jpg]
[hpbeautys.com/wp-content/uploads/2023/04/Threading-900x468.jpg]
[hpbeautys.com/wp-content/uploads/2021/12/service-and-price-bg-3.jpg]
[hpbeautys.com/wp-content/uploads/2021/12/video-bg-3.jpg]
[hpbeautys.com/wp-content/plugins/js_composer/assets/css/js_composer.minf7be.css]
[hpbeautys.com/wp-content/plugins/kitring-extender/extensions/modules/shortcodes/assets/fonts/salon/salon84fc.css]
[hpbeautys.com/wp-content/plugins/kitring-extender/extensions/modules/shortcodes/assets/css/BeerSlider84fc.css]
[hpbeautys.com/wp-content/plugins/new-social-media-widget/css/font-awesome84fc.css]
[hpbeautys.com/wp-content/plugins/new-social-media-widget/css/output-bootstrap84fc.css]
[hpbeautys.com/wp-content/plugins/new-social-media-widget/css/hover-min84fc.css]
[hpbeautys.com/wp-content/plugins/revslider/public/assets/css/rs6369f.css]
[hpbeautys.com/wp-includes/js/jquery/ui/core.min3f14.js]
[hpbeautys.com/wp-includes/js/jquery/ui/datepicker.min3f14.js]
[hpbeautys.com/element/product-menu/index.html]
[hpbeautys.com/about-me/index.html]
[hpbeautys.com/what-we-do/index.html]
[hpbeautys.com/index.html]
[hpbeautys.com/wp-content/plugins/LayerSlider/assets/static/layerslider/css/layersliderb324.css]
[hpbeautys.com/wp-includes/css/dist/block-library/style.min84fc.css]
[hpbeautys.com/wp-includes/js/mediaelement/mediaelementplayer-legacy.min1f61.css]
[hpbeautys.com/wp-includes/js/mediaelement/wp-mediaelement.min84fc.css]
[hpbeautys.com/wp-content/plugins/woocommerce/packages/woocommerce-blocks/build/wc-blocks-vendors-style13cb.css]
[hpbeautys.com/wp-content/plugins/woocommerce/packages/woocommerce-blocks/build/wc-blocks-style13cb.css]
[hpbeautys.com/wp-content/plugins/booked/assets/js/tooltipster/css/tooltipster9b70.css]
[hpbeautys.com/wp-content/plugins/booked/assets/js/tooltipster/css/themes/tooltipster-light9b70.css]
[hpbeautys.com/wp-content/plugins/booked/assets/css/animationsb2da.css]
[hpbeautys.com/wp-content/plugins/booked/dist/bookedb2da.css]
[hpbeautys.com/wp-content/plugins/buy-now-button-for-woocommerce/public/css/buy-now-button-for-woocommerce84fc.css]
[hpbeautys.com/wp-content/plugins/chaty/css/chaty-front.mindcf0.css]
[hpbeautys.com/wp-content/plugins/contact-form-7/includes/css/styles4999.css]
[hpbeautys.com/wp-content/plugins/yith-woocommerce-product-add-ons/assets/css/front3265.css]
[hpbeautys.com/wp-content/plugins/yith-woocommerce-product-add-ons/assets/css/_new_jquery-ui-1.12.1be69.css]
[hpbeautys.com/wp-content/plugins/yith-woocommerce-product-add-ons/assets/css/_new_jquery-ui-timepicker-addon3cb7.css]
[hpbeautys.com/wp-includes/css/dashicons.min84fc.css]
[hpbeautys.com/wp-content/themes/kitring/assets/dist/css/app.min84fc.css]
[hpbeautys.com/wp-content/plugins/booked/includes/add-ons/woocommerce-payments/css/frontend-style84fc.css]
[hpbeautys.com/wp-content/plugins/_elementor/assets/lib/eicons/css/elementor-icons.min91ce.css]
[hpbeautys.com/wp-content/plugins/_elementor/assets/css/frontend-lite.min2e46.css]
[hpbeautys.com/wp-content/uploads/elementor/css/post-536b9f9.css]
[hpbeautys.com/wp-content/plugins/elementor-pro/assets/css/frontend-lite.min9e95.css]
[hpbeautys.com/wp-content/uploads/elementor/css/global7f46.css]
[hpbeautys.com/wp-content/plugins/kitring-extender/extensions/modules/shortcodes/assets/css/dahz-shortcodes.min84fc.css]
[hpbeautys.com/wp-content/plugins/jetpack/css/jetpack77dd.css]
[hpbeautys.com/wp-includes/js/jquery/jquery.minf43b.js]
[hpbeautys.com/wp-includes/js/jquery/jquery-migrate.min5589.js]
[hpbeautys.com/wp-content/plugins/LayerSlider/assets/static/layerslider/js/layerslider.utilsb324.js]
[hpbeautys.com/wp-content/plugins/LayerSlider/assets/static/layerslider/js/layerslider.kreaturamedia.jqueryb324.js]
[hpbeautys.com/wp-content/plugins/LayerSlider/assets/static/layerslider/js/layerslider.transitionsb324.js]
[hpbeautys.com/wp-content/themes/kitring/assets/dist/js/plugins/uikit.min.js]
[hpbeautys.com/wp-content/themes/kitring/assets/dist/js/plugins/uikit-icons.min.js]
[hpbeautys.com/wp-content/plugins/booked/includes/add-ons/woocommerce-payments/js/frontend-functions84fc.js]
[hpbeautys.com/wp-content/themes/kitring/assets/dist/js/plugins/pace.min.js]
[hpbeautys.com/about-me/index.html]
[hpbeautys.com/what-we-do/index.html]
[hpbeautys.com/element/product-menu/index.html]
[hpbeautys.com/hardik2/index.html]
[hpbeautys.com/se/index.html]
[hpbeautys.com/body-waxing/index.html]
[hpbeautys.com/eyelash-extensions/index.html]
[hpbeautys.com/hardik1/index.html]
[hpbeautys.com/makeup/index.html]
[hpbeautys.com/henna-tattoo/index.html]
[hpbeautys.com/brow-lamination-tint/index.html]
[hpbeautys.com/gallery/index.html]
[hpbeautys.com/pricing-plans/index.html]
[hpbeautys.com/book-appointment-2/index.html]
[hpbeautys.com/contact1/index.html]
[hpbeautys.com/wp-content/plugins/js_composer/assets/css/js_composer.minf7be.css]
[hpbeautys.com/wp-content/plugins/kitring-extender/extensions/modules/shortcodes/assets/fonts/salon/salon84fc.css]
[hpbeautys.com/wp-content/plugins/kitring-extender/extensions/modules/shortcodes/assets/css/BeerSlider84fc.css]
[hpbeautys.com/wp-content/plugins/new-social-media-widget/css/font-awesome84fc.css]
[hpbeautys.com/wp-content/plugins/new-social-media-widget/css/output-bootstrap84fc.css]
[hpbeautys.com/wp-content/plugins/new-social-media-widget/css/hover-min84fc.css]
[hpbeautys.com/wp-content/plugins/revslider/public/assets/css/rs6369f.css]
[hpbeautys.com/wp-includes/js/jquery/ui/core.min3f14.js]
[hpbeautys.com/wp-includes/js/jquery/ui/datepicker.min3f14.js]
[hpbeautys.com/wp-content/plugins/booked/assets/js/spin.min7406.html]
[hpbeautys.com/wp-content/plugins/booked/assets/js/spin.jquery7406.html]
[hpbeautys.com/wp-content/plugins/booked/assets/js/tooltipster/js/jquery.tooltipster.min9b70.html]
[hpbeautys.com/wp-content/plugins/booked/assets/js/functionsb2da.html]
[hpbeautys.com/wp-content/plugins/chaty/js/cht-front-script.mindcf0.html]
[hpbeautys.com/wp-content/plugins/contact-form-7/includes/swv/js/index4999.html]
[hpbeautys.com/wp-content/plugins/contact-form-7/includes/js/index4999.html]
[hpbeautys.com/wp-content/plugins/revslider/public/assets/js/rbtools.min369f.html]
[hpbeautys.com/wp-content/plugins/revslider/public/assets/js/rs6.min369f.html]
[hpbeautys.com/wp-content/plugins/woocommerce/assets/js/jquery-blockui/jquery.blockUI.min3a62.html]
[hpbeautys.com/wp-content/plugins/woocommerce/assets/js/js-cookie/js.cookie.minccc6.html]
[hpbeautys.com/wp-content/plugins/woocommerce/assets/js/frontend/woocommerce.mind5a8.html]
[hpbeautys.com/wp-content/plugins/woocommerce/assets/js/frontend/cart-fragments.mind5a8.html]
[hpbeautys.com/wp-content/plugins/booked/includes/add-ons/frontend-agents/js/functionsb2da.html]
[hpbeautys.com/wp-includes/js/underscore.mind584.html]
[hpbeautys.com/wp-includes/js/wp-util.min84fc.html]
[hpbeautys.com/wp-content/plugins/woocommerce/assets/js/frontend/add-to-cart-variation.mind5a8.html]
[hpbeautys.com/wp-content/plugins/yith-woocommerce-product-add-ons/assets/js/front.minc517.html]
[hpbeautys.com/wp-content/plugins/yith-woocommerce-product-add-ons/assets/js/_new_jquery-ui-timepicker-addone079.html]
[hpbeautys.com/wp-content/themes/kitring/assets/dist/js/dahz-framework.html]
[hpbeautys.com/wp-content/themes/kitring/dahz-modules/widget/assets/js/dahz-framework-widget.min.html]
[hpbeautys.com/wp-includes/js/imagesloaded.minbb93.html]
[hpbeautys.com/wp-content/themes/kitring/assets/dist/js/plugins/jquery.lazyloadxt.min.html]
[hpbeautys.com/wp-content/themes/kitring/dahz-modules/blog-single/assets/js/dahz-framework-blog-single.min.html]
[hpbeautys.com/wp-content/plugins/google-site-kit/dist/assets/js/googlesitekit-events-provider-contact-form-7-40476021fb6e59177033.html]
[hpbeautys.com/wp-content/plugins/google-site-kit/dist/assets/js/googlesitekit-events-provider-woocommerce-56777fd664fb7392edc2.html]
[hpbeautys.com/wp-content/themes/kitring/dahz-modules/header-cart/assets/js/dahz-framework-header-cart.min.html]
[hpbeautys.com/wp-content/themes/kitring/dahz-modules/header-search/assets/js/dahz-framework-header-search.min.html]
[hpbeautys.com/wp-content/plugins/js_composer/assets/js/dist/js_composer_front.minf7be.html]
[hpbeautys.com/wp-content/plugins/kitring-extender/extensions/modules/shortcodes/assets/js/plugins/BeerSlider84fc.html]
[hpbeautys.com/wp-content/plugins/kitring-extender/extensions/modules/shortcodes/assets/js/frontend/dahz-shortcode-before-after.min84fc.html]
